// Jest Snapshot v1, https://goo.gl/fbAQLP

exports[`not focused home icon 1`] = `<Text />`;
